\BOOKMARK [1][-]{section*.1}{\376\377\000D\000a\000n\000h\000\040\000s\000\341\000c\000h\000\040\000t\000h\000\340\000n\000h\000\040\000v\000i\000\352\000n\000\040\000v\000\340\000\040\000p\000h\000\342\000n\000\040\000c\000\364\000n\000g\000\040\000n\000h\000i\036\307\000m\000\040\000v\036\345}{}% 1
\BOOKMARK [1][-]{section.1}{\376\377\000M\000o\000t\000i\000v\000a\000t\000i\000o\000n\000\040\000\046\000\040\000P\000r\000o\000b\000l\000e\000m\000\040\000S\000t\000a\000t\000e\000m\000e\000n\000t}{}% 2
\BOOKMARK [2][-]{subsection.1.1}{\376\377\000D\000o\000m\000a\000i\000n\000\040\000D\000e\000s\000c\000r\000i\000p\000t\000i\000o\000n}{section.1}% 3
\BOOKMARK [2][-]{subsection.1.2}{\376\377\000S\000t\000a\000c\000k\000h\000o\000l\000d\000e\000r\000s\000\040\000v\000\340\000\040\000N\000e\000e\000d\000s}{section.1}% 4
\BOOKMARK [2][-]{subsection.1.3}{\376\377\000S\000t\000a\000k\000e\000h\000o\000l\000d\000e\000r\000s\000\040\000a\000n\000d\000\040\000N\000e\000e\000d\000s}{section.1}% 5
\BOOKMARK [2][-]{subsection.1.4}{\376\377\000S\000y\000s\000t\000e\000m\000\040\000B\000e\000n\000e\000f\000i\000t\000s}{section.1}% 6
\BOOKMARK [1][-]{section.2}{\376\377\000P\000r\000o\000j\000e\000c\000t\000\040\000S\000c\000o\000p\000e}{}% 7
\BOOKMARK [2][-]{subsection.2.1}{\376\377\000I\000n\000\040\000-\000\040\000S\000c\000o\000p\000e}{section.2}% 8
\BOOKMARK [2][-]{subsection.2.2}{\376\377\000O\000u\000t\000\040\000-\000\040\000o\000f\000\040\000-\000\040\000s\000c\000o\000p\000e}{section.2}% 9
\BOOKMARK [1][-]{section.3}{\376\377\000R\000e\000q\000u\000i\000r\000e\000m\000e\000n\000t\000s}{}% 10
\BOOKMARK [2][-]{subsection.3.1}{\376\377\000F\000u\000n\000c\000t\000i\000o\000n\000a\000l\000\040\000R\000e\000q\000u\000i\000r\000e\000m\000e\000n\000t\000s}{section.3}% 11
\BOOKMARK [2][-]{subsection.3.2}{\376\377\000N\000o\000n\000-\000f\000u\000n\000c\000t\000i\000o\000n\000a\000l\000\040\000R\000e\000q\000u\000i\000r\000e\000m\000e\000n\000t\000s}{section.3}% 12
\BOOKMARK [1][-]{section.4}{\376\377\000U\000s\000e\000\040\000C\000a\000s\000e\000\040\000M\000o\000d\000e\000l}{}% 13
\BOOKMARK [2][-]{subsection.4.1}{\376\377\000U\000s\000e\000\040\000C\000a\000s\000e\000\040\000D\000i\000a\000g\000r\000a\000m}{section.4}% 14
\BOOKMARK [2][-]{subsection.4.2}{\376\377\000U\000s\000e\000\040\000C\000a\000s\000e\000\040\000D\000e\000s\000c\000r\000i\000p\000t\000i\000o\000n\000s}{section.4}% 15
\BOOKMARK [1][-]{section.5}{\376\377\000S\000y\000s\000t\000e\000m\000\040\000M\000o\000d\000e\000l\000i\000n\000g}{}% 16
\BOOKMARK [2][-]{subsection.5.1}{\376\377\000A\000c\000t\000i\000v\000i\000t\000y\000\040\000D\000i\000a\000g\000r\000a\000m\000s}{section.5}% 17
\BOOKMARK [2][-]{subsection.5.2}{\376\377\000S\000e\000q\000u\000e\000n\000c\000e\000\040\000D\000i\000a\000g\000r\000a\000m\000s}{section.5}% 18
\BOOKMARK [2][-]{subsection.5.3}{\376\377\000C\000l\000a\000s\000s\000\040\000D\000i\000a\000g\000r\000a\000m\000s}{section.5}% 19
\BOOKMARK [1][-]{section.6}{\376\377\000A\000r\000c\000h\000i\000t\000e\000c\000t\000u\000r\000a\000l\000\040\000D\000e\000s\000i\000g\000n}{}% 20
\BOOKMARK [2][-]{subsection.6.1}{\376\377\000D\000a\000t\000a\000b\000a\000s\000e\000\040\000D\000e\000s\000i\000g\000n}{section.6}% 21
\BOOKMARK [2][-]{subsection.6.2}{\376\377\000S\000o\000f\000t\000w\000a\000r\000e\000\040\000A\000r\000c\000h\000i\000t\000e\000c\000t\000u\000r\000e}{section.6}% 22
